{
  "errors": [
    {
      "message": "Unexpected Execution Error",
      "locations": [
        {
          "line": 3,
          "column": 29
        }
      ],
      "path": [
        "tracks"
      ],
      "extensions": {
        "message": "Cannot access a disposed context instance. A common cause of this error is disposing a context instance that was resolved from dependency injection and then later trying to use the same context instance elsewhere in your application. This may occur if you are calling \u0027Dispose\u0027 on the context instance, or wrapping it in a using statement. If you are using dependency injection, you should let the dependency injection container take care of disposing context instances.\r\nObject name: \u0027ApplicationDbContext\u0027.",
        "stackTrace": "   at Microsoft.EntityFrameworkCore.DbContext.CheckDisposed()\r\n   at Microsoft.EntityFrameworkCore.DbContext.get_ContextServices()\r\n   at Microsoft.EntityFrameworkCore.DbContext.get_InternalServiceProvider()\r\n   at Microsoft.EntityFrameworkCore.DbContext.Microsoft.EntityFrameworkCore.Infrastructure.IInfrastructure\u003CSystem.IServiceProvider\u003E.get_Instance()\r\n   at Microsoft.EntityFrameworkCore.Infrastructure.AccessorExtensions.GetInfrastructure[T](IInfrastructure\u00601 accessor)\r\n   at Microsoft.EntityFrameworkCore.Infrastructure.ModelSource.CreateModel(DbContext context, IConventionSetBuilder conventionSetBuilder, ModelDependencies modelDependencies)\r\n   at Microsoft.EntityFrameworkCore.Infrastructure.ModelSource.GetModel(DbContext context, ModelCreationDependencies modelCreationDependencies, Boolean designTime)\r\n   at Microsoft.EntityFrameworkCore.Internal.DbContextServices.CreateModel(Boolean designTime)\r\n   at Microsoft.EntityFrameworkCore.Internal.DbContextServices.get_Model()\r\n   at Microsoft.EntityFrameworkCore.Infrastructure.EntityFrameworkServicesBuilder.\u003C\u003Ec.\u003CTryAddCoreServices\u003Eb__8_4(IServiceProvider p)\r\n   at Microsoft.Extensions.DependencyInjection.ServiceLookup.CallSiteRuntimeResolver.VisitCache(ServiceCallSite callSite, RuntimeResolverContext context, ServiceProviderEngineScope serviceProviderEngine, RuntimeResolverLock lockType)\r\n   at Microsoft.Extensions.DependencyInjection.ServiceLookup.CallSiteRuntimeResolver.VisitScopeCache(ServiceCallSite callSite, RuntimeResolverContext context)\r\n   at Microsoft.Extensions.DependencyInjection.ServiceLookup.CallSiteVisitor\u00602.VisitCallSite(ServiceCallSite callSite, TArgument argument)\r\n   at Microsoft.Extensions.DependencyInjection.ServiceLookup.CallSiteRuntimeResolver.VisitConstructor(ConstructorCallSite constructorCallSite, RuntimeResolverContext context)\r\n   at Microsoft.Extensions.DependencyInjection.ServiceLookup.CallSiteRuntimeResolver.VisitCache(ServiceCallSite callSite, RuntimeResolverContext context, ServiceProviderEngineScope serviceProviderEngine, RuntimeResolverLock lockType)\r\n   at Microsoft.Extensions.DependencyInjection.ServiceLookup.CallSiteRuntimeResolver.VisitScopeCache(ServiceCallSite callSite, RuntimeResolverContext context)\r\n   at Microsoft.Extensions.DependencyInjection.ServiceLookup.CallSiteVisitor\u00602.VisitCallSite(ServiceCallSite callSite, TArgument argument)\r\n   at Microsoft.Extensions.DependencyInjection.ServiceLookup.CallSiteRuntimeResolver.VisitConstructor(ConstructorCallSite constructorCallSite, RuntimeResolverContext context)\r\n   at Microsoft.Extensions.DependencyInjection.ServiceLookup.CallSiteRuntimeResolver.VisitCache(ServiceCallSite callSite, RuntimeResolverContext context, ServiceProviderEngineScope serviceProviderEngine, RuntimeResolverLock lockType)\r\n   at Microsoft.Extensions.DependencyInjection.ServiceLookup.CallSiteRuntimeResolver.VisitScopeCache(ServiceCallSite callSite, RuntimeResolverContext context)\r\n   at Microsoft.Extensions.DependencyInjection.ServiceLookup.CallSiteVisitor\u00602.VisitCallSite(ServiceCallSite callSite, TArgument argument)\r\n   at Microsoft.Extensions.DependencyInjection.ServiceLookup.CallSiteRuntimeResolver.VisitConstructor(ConstructorCallSite constructorCallSite, RuntimeResolverContext context)\r\n   at Microsoft.Extensions.DependencyInjection.ServiceLookup.CallSiteRuntimeResolver.VisitCache(ServiceCallSite callSite, RuntimeResolverContext context, ServiceProviderEngineScope serviceProviderEngine, RuntimeResolverLock lockType)\r\n   at Microsoft.Extensions.DependencyInjection.ServiceLookup.CallSiteRuntimeResolver.VisitScopeCache(ServiceCallSite callSite, RuntimeResolverContext context)\r\n   at Microsoft.Extensions.DependencyInjection.ServiceLookup.CallSiteVisitor\u00602.VisitCallSite(ServiceCallSite callSite, TArgument argument)\r\n   at Microsoft.Extensions.DependencyInjection.ServiceLookup.CallSiteRuntimeResolver.VisitConstructor(ConstructorCallSite constructorCallSite, RuntimeResolverContext context)\r\n   at Microsoft.Extensions.DependencyInjection.ServiceLookup.CallSiteRuntimeResolver.VisitCache(ServiceCallSite callSite, RuntimeResolverContext context, ServiceProviderEngineScope serviceProviderEngine, RuntimeResolverLock lockType)\r\n   at Microsoft.Extensions.DependencyInjection.ServiceLookup.CallSiteRuntimeResolver.VisitScopeCache(ServiceCallSite callSite, RuntimeResolverContext context)\r\n   at Microsoft.Extensions.DependencyInjection.ServiceLookup.CallSiteVisitor\u00602.VisitCallSite(ServiceCallSite callSite, TArgument argument)\r\n   at Microsoft.Extensions.DependencyInjection.ServiceLookup.CallSiteRuntimeResolver.VisitConstructor(ConstructorCallSite constructorCallSite, RuntimeResolverContext context)\r\n   at Microsoft.Extensions.DependencyInjection.ServiceLookup.CallSiteRuntimeResolver.VisitCache(ServiceCallSite callSite, RuntimeResolverContext context, ServiceProviderEngineScope serviceProviderEngine, RuntimeResolverLock lockType)\r\n   at Microsoft.Extensions.DependencyInjection.ServiceLookup.CallSiteRuntimeResolver.VisitScopeCache(ServiceCallSite callSite, RuntimeResolverContext context)\r\n   at Microsoft.Extensions.DependencyInjection.ServiceLookup.CallSiteVisitor\u00602.VisitCallSite(ServiceCallSite callSite, TArgument argument)\r\n   at Microsoft.Extensions.DependencyInjection.ServiceLookup.CallSiteRuntimeResolver.VisitConstructor(ConstructorCallSite constructorCallSite, RuntimeResolverContext context)\r\n   at Microsoft.Extensions.DependencyInjection.ServiceLookup.CallSiteRuntimeResolver.VisitCache(ServiceCallSite callSite, RuntimeResolverContext context, ServiceProviderEngineScope serviceProviderEngine, RuntimeResolverLock lockType)\r\n   at Microsoft.Extensions.DependencyInjection.ServiceLookup.CallSiteRuntimeResolver.VisitScopeCache(ServiceCallSite callSite, RuntimeResolverContext context)\r\n   at Microsoft.Extensions.DependencyInjection.ServiceLookup.CallSiteVisitor\u00602.VisitCallSite(ServiceCallSite callSite, TArgument argument)\r\n   at Microsoft.Extensions.DependencyInjection.ServiceLookup.CallSiteRuntimeResolver.VisitConstructor(ConstructorCallSite constructorCallSite, RuntimeResolverContext context)\r\n   at Microsoft.Extensions.DependencyInjection.ServiceLookup.CallSiteRuntimeResolver.VisitCache(ServiceCallSite callSite, RuntimeResolverContext context, ServiceProviderEngineScope serviceProviderEngine, RuntimeResolverLock lockType)\r\n   at Microsoft.Extensions.DependencyInjection.ServiceLookup.CallSiteRuntimeResolver.VisitScopeCache(ServiceCallSite callSite, RuntimeResolverContext context)\r\n   at Microsoft.Extensions.DependencyInjection.ServiceLookup.CallSiteVisitor\u00602.VisitCallSite(ServiceCallSite callSite, TArgument argument)\r\n   at Microsoft.Extensions.DependencyInjection.ServiceLookup.CallSiteRuntimeResolver.VisitConstructor(ConstructorCallSite constructorCallSite, RuntimeResolverContext context)\r\n   at Microsoft.Extensions.DependencyInjection.ServiceLookup.CallSiteRuntimeResolver.VisitCache(ServiceCallSite callSite, RuntimeResolverContext context, ServiceProviderEngineScope serviceProviderEngine, RuntimeResolverLock lockType)\r\n   at Microsoft.Extensions.DependencyInjection.ServiceLookup.CallSiteRuntimeResolver.VisitScopeCache(ServiceCallSite callSite, RuntimeResolverContext context)\r\n   at Microsoft.Extensions.DependencyInjection.ServiceLookup.CallSiteVisitor\u00602.VisitCallSite(ServiceCallSite callSite, TArgument argument)\r\n   at Microsoft.Extensions.DependencyInjection.ServiceLookup.CallSiteRuntimeResolver.Resolve(ServiceCallSite callSite, ServiceProviderEngineScope scope)\r\n   at Microsoft.Extensions.DependencyInjection.ServiceLookup.DynamicServiceProviderEngine.\u003C\u003Ec__DisplayClass2_0.\u003CRealizeService\u003Eb__0(ServiceProviderEngineScope scope)\r\n   at Microsoft.Extensions.DependencyInjection.ServiceProvider.GetService(Type serviceType, ServiceProviderEngineScope serviceProviderEngineScope)\r\n   at Microsoft.Extensions.DependencyInjection.ServiceProviderServiceExtensions.GetRequiredService(IServiceProvider provider, Type serviceType)\r\n   at Microsoft.Extensions.DependencyInjection.ServiceProviderServiceExtensions.GetRequiredService[T](IServiceProvider provider)\r\n   at Microsoft.EntityFrameworkCore.Infrastructure.EntityFrameworkServicesBuilder.\u003C\u003Ec.\u003CTryAddCoreServices\u003Eb__8_8(IServiceProvider p)\r\n   at Microsoft.Extensions.DependencyInjection.ServiceLookup.CallSiteRuntimeResolver.VisitCache(ServiceCallSite callSite, RuntimeResolverContext context, ServiceProviderEngineScope serviceProviderEngine, RuntimeResolverLock lockType)\r\n   at Microsoft.Extensions.DependencyInjection.ServiceLookup.CallSiteRuntimeResolver.VisitScopeCache(ServiceCallSite callSite, RuntimeResolverContext context)\r\n   at Microsoft.Extensions.DependencyInjection.ServiceLookup.CallSiteVisitor\u00602.VisitCallSite(ServiceCallSite callSite, TArgument argument)\r\n   at Microsoft.Extensions.DependencyInjection.ServiceLookup.CallSiteRuntimeResolver.VisitIEnumerable(IEnumerableCallSite enumerableCallSite, RuntimeResolverContext context)\r\n   at Microsoft.Extensions.DependencyInjection.ServiceLookup.CallSiteRuntimeResolver.VisitCache(ServiceCallSite callSite, RuntimeResolverContext context, ServiceProviderEngineScope serviceProviderEngine, RuntimeResolverLock lockType)\r\n   at Microsoft.Extensions.DependencyInjection.ServiceLookup.CallSiteRuntimeResolver.VisitScopeCache(ServiceCallSite callSite, RuntimeResolverContext context)\r\n   at Microsoft.Extensions.DependencyInjection.ServiceLookup.CallSiteVisitor\u00602.VisitCallSite(ServiceCallSite callSite, TArgument argument)\r\n   at Microsoft.Extensions.DependencyInjection.ServiceLookup.CallSiteRuntimeResolver.Resolve(ServiceCallSite callSite, ServiceProviderEngineScope scope)\r\n   at Microsoft.Extensions.DependencyInjection.ServiceLookup.DynamicServiceProviderEngine.\u003C\u003Ec__DisplayClass2_0.\u003CRealizeService\u003Eb__0(ServiceProviderEngineScope scope)\r\n   at Microsoft.Extensions.DependencyInjection.ServiceProvider.GetService(Type serviceType, ServiceProviderEngineScope serviceProviderEngineScope)\r\n   at Microsoft.Extensions.DependencyInjection.ServiceProviderServiceExtensions.GetService[T](IServiceProvider provider)\r\n   at Microsoft.EntityFrameworkCore.DbContext.Microsoft.EntityFrameworkCore.Infrastructure.IResettableService.ResetStateAsync(CancellationToken cancellationToken)\r\n   at Microsoft.EntityFrameworkCore.Internal.DbContextPool\u00601.ReturnAsync(IDbContextPoolable context, CancellationToken cancellationToken)\r\n   at Microsoft.EntityFrameworkCore.DbContext.DisposeAsync()\r\n   at HotChocolate.Types.EntityFrameworkObjectFieldDescriptorExtensions.\u003C\u003Ec__DisplayClass2_1\u00601.\u003C\u003CUseDbContext\u003Eb__4\u003Ed.MoveNext()\r\n--- End of stack trace from previous location ---\r\n   at HotChocolate.Execution.Processing.Tasks.ResolverTask.ExecuteResolverPipelineAsync(CancellationToken cancellationToken)\r\n   at HotChocolate.Execution.Processing.Tasks.ResolverTask.TryExecuteAsync(CancellationToken cancellationToken)"
      }
    }
  ],
  "data": {
    "tracks": null
  }
}
